     1                                  bits 32
     2                                  
     3                                  global start
     4                                  extern exit, printf, scanf
     5                                  import exit msvcrt.dll
     6                                  import printf msvcrt.dll
     7                                  import scanf msvcrt.dll
     8                                  
     9                                  segment data use32 class=data
    10 00000000 25640A00                format db "%d", 10, 0
    11 00000004 0000                    temp dw 0
    12 00000006 0000000000000000        a dq 0
    13 0000000E 0000000000000000        b dq 0
    14                                  segment code use32 class=code
    15                                  
    16                                  start:
    17                                  
    18 00000000 68[06000000]            push a
    19 00000005 68[00000000]            push format
    20 0000000A FF15[00000000]          call [scanf]
    21 00000010 68[0E000000]            push b
    22 00000015 68[00000000]            push format
    23 0000001A FF15[00000000]          call [scanf]
    24 00000020 FF35[06000000]          push dword [a]
    25 00000026 68[00000000]            push dword format
    26 0000002B FF15[00000000]          call [printf]
    27 00000031 83C40C                  add esp, 4*3
    28 00000034 FF35[0E000000]          push dword [b]
    29 0000003A 68[00000000]            push dword format
    30 0000003F FF15[00000000]          call [printf]
    31 00000045 83C40C                  add esp, 4*3
    32                                  
    33 00000048 6A00                    push dword 0
    34 0000004A FF15[00000000]          call [exit]
